2026-06-08 13:14:56 INFO     [ROOT] Logging initialised | console=INFO | file=DEBUG -> logs\app.log
2026-06-08 13:14:57 DEBUG    [CODEC] Consider installing rusty-rlp to improve pyrlp performance with a rust basedbackend. Not currently functional for Python 3.11
2026-06-08 13:14:59 INFO     [SIGNER] Executor signer ready | address=0x33008F2758A449dcFba82fa0767E6CCBE60E7A22
2026-06-08 13:14:59 INFO     [MAIN] ============================================================
2026-06-08 13:14:59 INFO     [MAIN]   ENHANCED ARB MONITOR — DeFi Research Tool
2026-06-08 13:14:59 INFO     [MAIN]   Chain: ETHEREUM (id=1)
2026-06-08 13:14:59 INFO     [MAIN] ============================================================
2026-06-08 13:15:10 INFO     [MAIN] Connected via multi-RPC manager | failover enabled with 9 providers
2026-06-08 13:15:11 INFO     [MAIN] Latest block: 25272637
2026-06-08 13:15:12 INFO     [GRAPH_CLIENT] Batching 1122 pools for uniswapv2
2026-06-08 13:15:12 DEBUG    [CONNECTION] connect_tcp.started host='thegraph.com' port=443 local_address=None timeout=30.0 socket_options=None
2026-06-08 13:15:13 DEBUG    [CONNECTION] connect_tcp.complete return_value=<httpcore._backends.anyio.AnyIOStream object at 0x000001A16B864280>
2026-06-08 13:15:13 DEBUG    [CONNECTION] start_tls.started ssl_context=<ssl.SSLContext object at 0x000001A16AEE7B40> server_hostname='thegraph.com' timeout=30.0
2026-06-08 13:15:13 DEBUG    [CONNECTION] start_tls.complete return_value=<httpcore._backends.anyio.AnyIOStream object at 0x000001A16B859190>
2026-06-08 13:15:13 DEBUG    [HTTP11] send_request_headers.started request=<Request [b'POST']>
2026-06-08 13:15:13 DEBUG    [HTTP11] send_request_headers.complete
2026-06-08 13:15:13 DEBUG    [HTTP11] send_request_body.started request=<Request [b'POST']>
2026-06-08 13:15:13 DEBUG    [HTTP11] send_request_body.complete
2026-06-08 13:15:13 DEBUG    [HTTP11] receive_response_headers.started request=<Request [b'POST']>
2026-06-08 13:15:17 DEBUG    [HTTP11] receive_response_headers.complete return_value=(b'HTTP/1.1', 200, b'OK', [(b'Date', b'Mon, 08 Jun 2026 12:17:14 GMT'), (b'Content-Type', b'application/json; charset=utf-8'), (b'Transfer-Encoding', b'chunked'), (b'Connection', b'keep-alive'), (b'x-dns-prefetch-control', b'on'), (b'content-security-policy', b"connect-src 'self' https://*.infura.io https://arb1.arbitrum.io/rpc https://cloudflare-eth.com https://sepolia-rollup.arbitrum.io/rpc https://rpc.sepolia.org https://gateway.testnet.thegraph.com https://gateway.thegraph.com https://*.safe.global wss://www.walletlink.org https://*.coinbase.com wss://relay.walletconnect.com wss://relay.walletconnect.org https://*.walletconnect.com https://*.walletconnect.org https://*.web3modal.org https://ipfs.thegraph.com https://ipfs.io https://api.studio.thegraph.com https://api.thegraph.com https://networks-registry.thegraph.com https://api-js.mixpanel.com https://*.google-analytics.com https://*.analytics.google.com https://*.googletagmanager.com https://*.launchdarkly.com https://*.ingest.us.sentry.io https://*.mux.com https://*.litix.io; script-src 'self' 'unsafe-inline' 'unsafe-eval' data: https://static.cloudflareinsights.com https://*.googletagmanager.com; img-src 'self' blob: data: https://ipfs.thegraph.com https://ipfs.io https://api.thegraph.com https://storage.googleapis.com https://storage.thegraph.com https://euc.li/ https://via.placeholder.com/50 https://explorer-api.walletconnect.com https://*.google-analytics.com https://*.googletagmanager.com https://*.mux.com; child-src thegraph.com verify.walletconnect.com verify.walletconnect.org; style-src 'self' 'unsafe-inline' thegraph.com https://fonts.googleapis.com https://cdnjs.cloudflare.com; font-src 'self' https://fonts.googleapis.com https://storage.googleapis.com https://fonts.gstatic.com data:; frame-ancestors 'self';"), (b'x-content-type-options', b'nosniff'), (b'etag', b'"7ebemwlkst19qk"'), (b'vary', b'Accept-Encoding'), (b'Content-Encoding', b'gzip'), (b'strict-transport-security', b'max-age=31536000; includeSubDomains'), (b'cf-cache-status', b'DYNAMIC'), (b'Server', b'cloudflare'), (b'CF-RAY', b'a087d50068c6bce8-CDG')])
2026-06-08 13:15:17 INFO     [HTTPX] HTTP Request: POST https://thegraph.com/explorer/api/playground/QmZzsQGDmQFbzYkv2qx4pVnD6aVnuhKbD3t1ea7SAvV7zE "HTTP/1.1 200 OK"
2026-06-08 13:15:17 DEBUG    [HTTP11] receive_response_body.started request=<Request [b'POST']>
2026-06-08 13:15:19 DEBUG    [HTTP11] receive_response_body.complete
2026-06-08 13:15:19 DEBUG    [HTTP11] response_closed.started
2026-06-08 13:15:19 DEBUG    [HTTP11] response_closed.complete
2026-06-08 13:15:20 DEBUG    [HTTP11] send_request_headers.started request=<Request [b'POST']>
2026-06-08 13:15:20 DEBUG    [HTTP11] send_request_headers.complete
2026-06-08 13:15:20 DEBUG    [HTTP11] send_request_body.started request=<Request [b'POST']>
2026-06-08 13:15:20 DEBUG    [HTTP11] send_request_body.complete
2026-06-08 13:15:20 DEBUG    [HTTP11] receive_response_headers.started request=<Request [b'POST']>
2026-06-08 13:15:22 DEBUG    [HTTP11] receive_response_headers.complete return_value=(b'HTTP/1.1', 200, b'OK', [(b'Date', b'Mon, 08 Jun 2026 12:17:19 GMT'), (b'Content-Type', b'application/json; charset=utf-8'), (b'Transfer-Encoding', b'chunked'), (b'Connection', b'keep-alive'), (b'x-dns-prefetch-control', b'on'), (b'content-security-policy', b"connect-src 'self' https://*.infura.io https://arb1.arbitrum.io/rpc https://cloudflare-eth.com https://sepolia-rollup.arbitrum.io/rpc https://rpc.sepolia.org https://gateway.testnet.thegraph.com https://gateway.thegraph.com https://*.safe.global wss://www.walletlink.org https://*.coinbase.com wss://relay.walletconnect.com wss://relay.walletconnect.org https://*.walletconnect.com https://*.walletconnect.org https://*.web3modal.org https://ipfs.thegraph.com https://ipfs.io https://api.studio.thegraph.com https://api.thegraph.com https://networks-registry.thegraph.com https://api-js.mixpanel.com https://*.google-analytics.com https://*.analytics.google.com https://*.googletagmanager.com https://*.launchdarkly.com https://*.ingest.us.sentry.io https://*.mux.com https://*.litix.io; script-src 'self' 'unsafe-inline' 'unsafe-eval' data: https://static.cloudflareinsights.com https://*.googletagmanager.com; img-src 'self' blob: data: https://ipfs.thegraph.com https://ipfs.io https://api.thegraph.com https://storage.googleapis.com https://storage.thegraph.com https://euc.li/ https://via.placeholder.com/50 https://explorer-api.walletconnect.com https://*.google-analytics.com https://*.googletagmanager.com https://*.mux.com; child-src thegraph.com verify.walletconnect.com verify.walletconnect.org; style-src 'self' 'unsafe-inline' thegraph.com https://fonts.googleapis.com https://cdnjs.cloudflare.com; font-src 'self' https://fonts.googleapis.com https://storage.googleapis.com https://fonts.gstatic.com data:; frame-ancestors 'self';"), (b'x-content-type-options', b'nosniff'), (b'etag', b'"15ji3q87g56190g"'), (b'vary', b'Accept-Encoding'), (b'Content-Encoding', b'gzip'), (b'strict-transport-security', b'max-age=31536000; includeSubDomains'), (b'cf-cache-status', b'DYNAMIC'), (b'Server', b'cloudflare'), (b'CF-RAY', b'a087d52bdb89bce8-CDG')])
2026-06-08 13:15:22 INFO     [HTTPX] HTTP Request: POST https://thegraph.com/explorer/api/playground/QmZzsQGDmQFbzYkv2qx4pVnD6aVnuhKbD3t1ea7SAvV7zE "HTTP/1.1 200 OK"
2026-06-08 13:15:22 DEBUG    [HTTP11] receive_response_body.started request=<Request [b'POST']>
2026-06-08 13:15:22 DEBUG    [HTTP11] receive_response_body.complete
2026-06-08 13:15:22 DEBUG    [HTTP11] response_closed.started
2026-06-08 13:15:22 DEBUG    [HTTP11] response_closed.complete
2026-06-08 13:15:22 INFO     [GRAPH_CLIENT] Batching 124 pools for sushiswapv2
2026-06-08 13:15:22 DEBUG    [HTTP11] send_request_headers.started request=<Request [b'POST']>
2026-06-08 13:15:22 DEBUG    [HTTP11] send_request_headers.complete
2026-06-08 13:15:22 DEBUG    [HTTP11] send_request_body.started request=<Request [b'POST']>
2026-06-08 13:15:22 DEBUG    [HTTP11] send_request_body.complete
2026-06-08 13:15:22 DEBUG    [HTTP11] receive_response_headers.started request=<Request [b'POST']>
2026-06-08 13:15:25 DEBUG    [HTTP11] receive_response_headers.complete return_value=(b'HTTP/1.1', 200, b'OK', [(b'Date', b'Mon, 08 Jun 2026 12:17:20 GMT'), (b'Content-Type', b'application/json; charset=utf-8'), (b'Transfer-Encoding', b'chunked'), (b'Connection', b'keep-alive'), (b'x-dns-prefetch-control', b'on'), (b'content-security-policy', b"connect-src 'self' https://*.infura.io https://arb1.arbitrum.io/rpc https://cloudflare-eth.com https://sepolia-rollup.arbitrum.io/rpc https://rpc.sepolia.org https://gateway.testnet.thegraph.com https://gateway.thegraph.com https://*.safe.global wss://www.walletlink.org https://*.coinbase.com wss://relay.walletconnect.com wss://relay.walletconnect.org https://*.walletconnect.com https://*.walletconnect.org https://*.web3modal.org https://ipfs.thegraph.com https://ipfs.io https://api.studio.thegraph.com https://api.thegraph.com https://networks-registry.thegraph.com https://api-js.mixpanel.com https://*.google-analytics.com https://*.analytics.google.com https://*.googletagmanager.com https://*.launchdarkly.com https://*.ingest.us.sentry.io https://*.mux.com https://*.litix.io; script-src 'self' 'unsafe-inline' 'unsafe-eval' data: https://static.cloudflareinsights.com https://*.googletagmanager.com; img-src 'self' blob: data: https://ipfs.thegraph.com https://ipfs.io https://api.thegraph.com https://storage.googleapis.com https://storage.thegraph.com https://euc.li/ https://via.placeholder.com/50 https://explorer-api.walletconnect.com https://*.google-analytics.com https://*.googletagmanager.com https://*.mux.com; child-src thegraph.com verify.walletconnect.com verify.walletconnect.org; style-src 'self' 'unsafe-inline' thegraph.com https://fonts.googleapis.com https://cdnjs.cloudflare.com; font-src 'self' https://fonts.googleapis.com https://storage.googleapis.com https://fonts.gstatic.com data:; frame-ancestors 'self';"), (b'x-content-type-options', b'nosniff'), (b'etag', b'"gi2g8gymk819w5"'), (b'vary', b'Accept-Encoding'), (b'Content-Encoding', b'gzip'), (b'strict-transport-security', b'max-age=31536000; includeSubDomains'), (b'cf-cache-status', b'DYNAMIC'), (b'Server', b'cloudflare'), (b'CF-RAY', b'a087d536cb18bce8-CDG')])
2026-06-08 13:15:25 INFO     [HTTPX] HTTP Request: POST https://thegraph.com/explorer/api/playground/QmaR2nAMF6dCHBL1eFNQ4F5nGpJQs7V11PZobJB2FgQtbt "HTTP/1.1 200 OK"
2026-06-08 13:15:25 DEBUG    [HTTP11] receive_response_body.started request=<Request [b'POST']>
2026-06-08 13:15:28 DEBUG    [HTTP11] receive_response_body.complete
2026-06-08 13:15:28 DEBUG    [HTTP11] response_closed.started
2026-06-08 13:15:28 DEBUG    [HTTP11] response_closed.complete
2026-06-08 13:15:28 INFO     [GRAPH_CLIENT] Batching 0 pools for sushiswapv3
2026-06-08 13:15:28 INFO     [GRAPH_CLIENT] Batching 1433 pools for uniswapv3
2026-06-08 13:15:28 DEBUG    [HTTP11] send_request_headers.started request=<Request [b'POST']>
2026-06-08 13:15:28 DEBUG    [HTTP11] send_request_headers.complete
2026-06-08 13:15:28 DEBUG    [HTTP11] send_request_body.started request=<Request [b'POST']>
2026-06-08 13:15:28 DEBUG    [HTTP11] send_request_body.complete
2026-06-08 13:15:28 DEBUG    [HTTP11] receive_response_headers.started request=<Request [b'POST']>
2026-06-08 13:15:30 DEBUG    [HTTP11] receive_response_headers.complete return_value=(b'HTTP/1.1', 200, b'OK', [(b'Date', b'Mon, 08 Jun 2026 12:17:27 GMT'), (b'Content-Type', b'application/json; charset=utf-8'), (b'Transfer-Encoding', b'chunked'), (b'Connection', b'keep-alive'), (b'x-dns-prefetch-control', b'on'), (b'content-security-policy', b"connect-src 'self' https://*.infura.io https://arb1.arbitrum.io/rpc https://cloudflare-eth.com https://sepolia-rollup.arbitrum.io/rpc https://rpc.sepolia.org https://gateway.testnet.thegraph.com https://gateway.thegraph.com https://*.safe.global wss://www.walletlink.org https://*.coinbase.com wss://relay.walletconnect.com wss://relay.walletconnect.org https://*.walletconnect.com https://*.walletconnect.org https://*.web3modal.org https://ipfs.thegraph.com https://ipfs.io https://api.studio.thegraph.com https://api.thegraph.com https://networks-registry.thegraph.com https://api-js.mixpanel.com https://*.google-analytics.com https://*.analytics.google.com https://*.googletagmanager.com https://*.launchdarkly.com https://*.ingest.us.sentry.io https://*.mux.com https://*.litix.io; script-src 'self' 'unsafe-inline' 'unsafe-eval' data: https://static.cloudflareinsights.com https://*.googletagmanager.com; img-src 'self' blob: data: https://ipfs.thegraph.com https://ipfs.io https://api.thegraph.com https://storage.googleapis.com https://storage.thegraph.com https://euc.li/ https://via.placeholder.com/50 https://explorer-api.walletconnect.com https://*.google-analytics.com https://*.googletagmanager.com https://*.mux.com; child-src thegraph.com verify.walletconnect.com verify.walletconnect.org; style-src 'self' 'unsafe-inline' thegraph.com https://fonts.googleapis.com https://cdnjs.cloudflare.com; font-src 'self' https://fonts.googleapis.com https://storage.googleapis.com https://fonts.gstatic.com data:; frame-ancestors 'self';"), (b'x-content-type-options', b'nosniff'), (b'etag', b'"if5z2d2kyo18z1"'), (b'vary', b'Accept-Encoding'), (b'Content-Encoding', b'gzip'), (b'strict-transport-security', b'max-age=31536000; includeSubDomains'), (b'cf-cache-status', b'DYNAMIC'), (b'Server', b'cloudflare'), (b'CF-RAY', b'a087d559ade6bce8-CDG')])
2026-06-08 13:15:30 INFO     [HTTPX] HTTP Request: POST https://thegraph.com/explorer/api/playground/QmTZ8ejXJxRo7vDBS4uwqBeGoxLSWbhaA7oXa1RvxunLy7 "HTTP/1.1 200 OK"
2026-06-08 13:15:30 DEBUG    [HTTP11] receive_response_body.started request=<Request [b'POST']>
2026-06-08 13:15:30 DEBUG    [HTTP11] receive_response_body.complete
2026-06-08 13:15:30 DEBUG    [HTTP11] response_closed.started
2026-06-08 13:15:30 DEBUG    [HTTP11] response_closed.complete
2026-06-08 13:15:31 DEBUG    [HTTP11] send_request_headers.started request=<Request [b'POST']>
2026-06-08 13:15:31 DEBUG    [HTTP11] send_request_headers.complete
2026-06-08 13:15:31 DEBUG    [HTTP11] send_request_body.started request=<Request [b'POST']>
2026-06-08 13:15:31 DEBUG    [HTTP11] send_request_body.complete
2026-06-08 13:15:31 DEBUG    [HTTP11] receive_response_headers.started request=<Request [b'POST']>
2026-06-08 13:15:33 DEBUG    [HTTP11] receive_response_headers.complete return_value=(b'HTTP/1.1', 200, b'OK', [(b'Date', b'Mon, 08 Jun 2026 12:17:30 GMT'), (b'Content-Type', b'application/json; charset=utf-8'), (b'Transfer-Encoding', b'chunked'), (b'Connection', b'keep-alive'), (b'x-dns-prefetch-control', b'on'), (b'content-security-policy', b"connect-src 'self' https://*.infura.io https://arb1.arbitrum.io/rpc https://cloudflare-eth.com https://sepolia-rollup.arbitrum.io/rpc https://rpc.sepolia.org https://gateway.testnet.thegraph.com https://gateway.thegraph.com https://*.safe.global wss://www.walletlink.org https://*.coinbase.com wss://relay.walletconnect.com wss://relay.walletconnect.org https://*.walletconnect.com https://*.walletconnect.org https://*.web3modal.org https://ipfs.thegraph.com https://ipfs.io https://api.studio.thegraph.com https://api.thegraph.com https://networks-registry.thegraph.com https://api-js.mixpanel.com https://*.google-analytics.com https://*.analytics.google.com https://*.googletagmanager.com https://*.launchdarkly.com https://*.ingest.us.sentry.io https://*.mux.com https://*.litix.io; script-src 'self' 'unsafe-inline' 'unsafe-eval' data: https://static.cloudflareinsights.com https://*.googletagmanager.com; img-src 'self' blob: data: https://ipfs.thegraph.com https://ipfs.io https://api.thegraph.com https://storage.googleapis.com https://storage.thegraph.com https://euc.li/ https://via.placeholder.com/50 https://explorer-api.walletconnect.com https://*.google-analytics.com https://*.googletagmanager.com https://*.mux.com; child-src thegraph.com verify.walletconnect.com verify.walletconnect.org; style-src 'self' 'unsafe-inline' thegraph.com https://fonts.googleapis.com https://cdnjs.cloudflare.com; font-src 'self' https://fonts.googleapis.com https://storage.googleapis.com https://fonts.gstatic.com data:; frame-ancestors 'self';"), (b'x-content-type-options', b'nosniff'), (b'etag', b'"zzgtzkam1e1ai9"'), (b'vary', b'Accept-Encoding'), (b'Content-Encoding', b'gzip'), (b'strict-transport-security', b'max-age=31536000; includeSubDomains'), (b'cf-cache-status', b'DYNAMIC'), (b'Server', b'cloudflare'), (b'CF-RAY', b'a087d57028f3bce8-CDG')])
2026-06-08 13:15:33 INFO     [HTTPX] HTTP Request: POST https://thegraph.com/explorer/api/playground/QmXDAaE7sT2bVe4prmZgdSXi34EGRjpULTnF9bKi3qrwFB "HTTP/1.1 200 OK"
2026-06-08 13:15:33 DEBUG    [HTTP11] receive_response_body.started request=<Request [b'POST']>
2026-06-08 13:15:33 DEBUG    [HTTP11] receive_response_body.complete
2026-06-08 13:15:33 DEBUG    [HTTP11] response_closed.started
2026-06-08 13:15:33 DEBUG    [HTTP11] response_closed.complete
2026-06-08 13:15:33 INFO     [GRAPH_CLIENT] Batching 7 pools for pancakev2
2026-06-08 13:15:33 WARNING  [GRAPH_CLIENT] No providers configured for DEX: pancakev2
2026-06-08 13:15:33 INFO     [GRAPH_CLIENT] Batching 1 pools for pancakev3
2026-06-08 13:15:33 WARNING  [GRAPH_CLIENT] No providers configured for DEX: pancakev3
2026-06-08 13:15:33 DEBUG    [CONNECTION] close.started
2026-06-08 13:15:33 DEBUG    [CONNECTION] close.complete
2026-06-08 13:15:33 INFO     [CACHE]   [cache] Loaded 3,945 pools (3,330 stale)
